class BsonProvider
    static member GetSamples: () -> BsonProvider+Root[]
    BsonTop.CreateList((File.Open("<RESOLUTION_FOLDER>/Empty.bson", Open, Read, Read) :> Stream))

    static member ReadAll: stream:System.IO.Stream -> BsonProvider+Root[]
    BsonTop.CreateList(stream)


class BsonProvider+Root : BsonProvider.Runtime.IBsonTop
    new : id:MongoDB.Bson.ObjectId -> BsonProvider+Root
    BsonRuntime.CreateDocument([| ("_id",
                                   (id :> obj)) |])

    new : bsonValue:MongoDB.Bson.BsonValue -> BsonProvider+Root
    BsonTop.Create(bsonValue, "")

    member Id: MongoDB.Bson.ObjectId with get
    let value = BsonRuntime.TryGetPropertyUnpackedWithPath(this, "_id")
    BsonRuntime.GetNonOptionalValue(value.Path, BsonRuntime.ConvertObjectId(value.BsonOpt), value.BsonOpt)


