class BsonProvider : BsonProvider.Runtime.IBsonTop
    new : field:bool -> BsonProvider
    new : bsonValue:MongoDB.Bson.BsonValue -> BsonProvider
    member Field: bool with get
    static member GetSamples: () -> BsonProvider[]
    static member ReadAll: stream:System.IO.Stream -> BsonProvider[]
