class BsonProvider : BsonProvider.Runtime.IBsonTop
    new : bsonValue:MongoDB.Bson.BsonValue -> BsonProvider
    new : field:int64 -> BsonProvider
    member Field: int64 with get
    static member GetSamples: () -> BsonProvider[]
    static member ReadAll: stream:System.IO.Stream -> BsonProvider[]
