class BsonProvider
    static member GetSamples: () -> BsonProvider+Root[]
    static member ReadAll: stream:System.IO.Stream -> BsonProvider+Root[]

class BsonProvider+Root : BsonProvider.Runtime.IBsonTop
    new : fieldSingle:bool[] -> fieldMultiple:bool[] -> fieldOptionalSingle:bool[] -> BsonProvider+Root
    new : bsonValue:MongoDB.Bson.BsonValue -> BsonProvider+Root
    member FieldMultiple: bool[] with get
    member FieldOptionalSingle: bool[] with get
    member FieldSingle: bool[] with get
