class BsonProvider : BsonProvider.Runtime.IBsonTop
    new : bsonValue:MongoDB.Bson.BsonValue -> BsonProvider
    new : fieldSingle:int64[] -> fieldMultiple:int64[] -> fieldOptionalSingle:int64[] -> BsonProvider
    member FieldMultiple: int64[] with get
    member FieldOptionalSingle: int64[] with get
    member FieldSingle: int64[] with get
    static member GetSamples: () -> BsonProvider[]
    static member ReadAll: stream:System.IO.Stream -> BsonProvider[]
