class BsonProvider : BsonProvider.Runtime.IBsonTop
    new : fieldSingle:bool[] -> fieldMultiple:bool[] -> fieldOptionalSingle:bool[] -> BsonProvider
    new : bsonValue:MongoDB.Bson.BsonValue -> BsonProvider
    member FieldMultiple: bool[] with get
    member FieldOptionalSingle: bool[] with get
    member FieldSingle: bool[] with get
    static member GetSamples: () -> BsonProvider[]
    static member ReadAll: stream:System.IO.Stream -> BsonProvider[]
