class BsonProvider
    static member GetSamples: () -> BsonProvider+Root[]
    BsonTop.CreateList((File.Open("<RESOLUTION_FOLDER>/Nested.bson", Open, Read, Read) :> Stream))

    static member ReadAll: stream:System.IO.Stream -> BsonProvider+Root[]
    BsonTop.CreateList(stream)


class BsonProvider+Root : BsonProvider.Runtime.IBsonTop
    new : id:MongoDB.Bson.ObjectId -> main:BsonProvider+Main -> BsonProvider+Root
    BsonRuntime.CreateDocument([| ("_id",
                                   (id :> obj))
                                  ("main",
                                   (main :> obj)) |])

    new : bsonValue:MongoDB.Bson.BsonValue -> BsonProvider+Root
    BsonTop.Create(bsonValue, "")

    member Id: MongoDB.Bson.ObjectId with get
    let value = BsonRuntime.TryGetPropertyUnpackedWithPath(this, "_id")
    BsonRuntime.GetNonOptionalValue(value.Path, BsonRuntime.ConvertObjectId(value.BsonOpt), value.BsonOpt)

    member Main: BsonProvider+Main with get
    BsonRuntime.GetPropertyPacked(this, "main")


class BsonProvider+Main : BsonProvider.Runtime.IBsonTop
    new : firstName:string -> lastName:string -> age:int -> isCool:bool -> BsonProvider+Main
    BsonRuntime.CreateDocument([| ("firstName",
                                   (firstName :> obj))
                                  ("lastName",
                                   (lastName :> obj))
                                  ("age",
                                   (age :> obj))
                                  ("isCool",
                                   (isCool :> obj)) |])

    new : bsonValue:MongoDB.Bson.BsonValue -> BsonProvider+Main
    BsonTop.Create(bsonValue, "")

    member Age: int with get
    let value = BsonRuntime.TryGetPropertyUnpackedWithPath(this, "age")
    BsonRuntime.GetNonOptionalValue(value.Path, BsonRuntime.ConvertInteger(value.BsonOpt), value.BsonOpt)

    member FirstName: string with get
    let value = BsonRuntime.TryGetPropertyUnpackedWithPath(this, "firstName")
    BsonRuntime.GetNonOptionalValue(value.Path, BsonRuntime.ConvertString(value.BsonOpt), value.BsonOpt)

    member IsCool: bool with get
    let value = BsonRuntime.TryGetPropertyUnpackedWithPath(this, "isCool")
    BsonRuntime.GetNonOptionalValue(value.Path, BsonRuntime.ConvertBoolean(value.BsonOpt), value.BsonOpt)

    member LastName: string with get
    let value = BsonRuntime.TryGetPropertyUnpackedWithPath(this, "lastName")
    BsonRuntime.GetNonOptionalValue(value.Path, BsonRuntime.ConvertString(value.BsonOpt), value.BsonOpt)


