class BsonProvider
    static member GetSamples: () -> BsonProvider+Root[]
    static member ReadAll: stream:System.IO.Stream -> BsonProvider+Root[]

class BsonProvider+Root : BsonProvider.Runtime.IBsonTop
    new : field:string -> BsonProvider+Root
    new : bsonValue:MongoDB.Bson.BsonValue -> BsonProvider+Root
    member Field: string with get
