class BsonProvider : BsonProvider.Runtime.IBsonTop
    new : bsonValue:MongoDB.Bson.BsonValue -> BsonProvider
    new : nested:BsonProvider+Nested -> BsonProvider
    static member GetSamples: () -> BsonProvider[]
    member Nested: BsonProvider+Nested with get
    static member ReadAll: stream:System.IO.Stream -> BsonProvider[]

class BsonProvider+Nested : BsonProvider.Runtime.IBsonTop
    new : bsonValue:MongoDB.Bson.BsonValue -> BsonProvider+Nested
    member Field: BsonProvider.Runtime.IBsonTop with get
