class BsonProvider
    static member GetSamples: () -> BsonProvider+Root[]
    static member ReadAll: stream:System.IO.Stream -> BsonProvider+Root[]

class BsonProvider+Root : BsonProvider.Runtime.IBsonTop
    new : fieldSingle:int[] -> fieldMultiple:int[] -> fieldOptionalSingle:int[] -> BsonProvider+Root
    new : bsonValue:MongoDB.Bson.BsonValue -> BsonProvider+Root
    member FieldMultiple: int[] with get
    member FieldOptionalSingle: int[] with get
    member FieldSingle: int[] with get
