class BsonProvider : BsonProvider.Runtime.IBsonTop
    new : bsonValue:MongoDB.Bson.BsonValue -> BsonProvider
    new : () -> BsonProvider
    static member GetSamples: () -> BsonProvider[]
    static member ReadAll: stream:System.IO.Stream -> BsonProvider[]
